// Jest Snapshot v1, https://goo.gl/fbAQLP

exports[`CarBox snapshot renders 1`] = `""`;
