// Jest Snapshot v1, https://goo.gl/fbAQLP

exports[`Header snapshot renders 1`] = `
<div
  className="header"
>
  <img
    className="logo"
    src="ze-logo.png"
  />
  <span>
    
  </span>
</div>
`;
